// Jest Snapshot v1, https://goo.gl/fbAQLP

exports[`Card has the expected html structure 1`] = `
<modal-stub class="modal-card">
  <div>
    <editcardheader-stub title="card1"></editcardheader-stub>
  </div>
  <div>
    <h3>Description</h3> <textarea cols="30" rows="3" placeholder="Add a more detailed description..." readonly="readonly" class="form-control"></textarea>
  </div>
  <div></div>
</modal-stub>
`;
